[INFO] Scanning for projects...
[INFO] 
[INFO] -----------------< com.brilliantsofts:EliteUniversity >-----------------
[INFO] Building EliteUniversity 0.0.1-SNAPSHOT
[INFO]   from pom.xml
[INFO] --------------------------------[ jar ]---------------------------------
[INFO] 
[INFO] >>> spring-boot:4.1.0:run (default-cli) > test-compile @ EliteUniversity >>>
[INFO] 
[INFO] --- resources:3.5.0:resources (default-resources) @ EliteUniversity ---
[INFO] Copying 1 resource from src\main\resources to target\classes
[INFO] Copying 0 resource from src\main\resources to target\classes
[INFO] 
[INFO] --- compiler:3.15.0:compile (default-compile) @ EliteUniversity ---
[INFO] Nothing to compile - all classes are up to date.
[INFO] 
[INFO] --- resources:3.5.0:testResources (default-testResources) @ EliteUniversity ---
[INFO] skip non existing resourceDirectory F:\Spring-ng\EliteUniversity\src\test\resources
[INFO] 
[INFO] --- compiler:3.15.0:testCompile (default-testCompile) @ EliteUniversity ---
[INFO] No sources to compile
[INFO] 
[INFO] <<< spring-boot:4.1.0:run (default-cli) < test-compile @ EliteUniversity <<<
[INFO] 
[INFO] 
[INFO] --- spring-boot:4.1.0:run (default-cli) @ EliteUniversity ---
[INFO] Attaching agents: []

  .   ____          _            __ _ _
 /\\ / ___'_ __ _ _(_)_ __  __ _ \ \ \ \
( ( )\___ | '_ | '_| | '_ \/ _` | \ \ \ \
 \\/  ___)| |_)| | | | | || (_| |  ) ) ) )
  '  |____| .__|_| |_|_| |_\__, | / / / /
 =========|_|==============|___/=/_/_/_/

 :: Spring Boot ::                (v4.1.0)

2026-08-17T03:39:15.928+06:00  INFO 3940 --- [EliteUniversity] [  restartedMain] c.b.E.EliteUniversityApplication         : Starting EliteUniversityApplication using Java 21.0.10 with PID 3940 (F:\Spring-ng\EliteUniversity\target\classes started by hp in F:\Spring-ng\EliteUniversity)
2026-08-17T03:39:15.933+06:00  INFO 3940 --- [EliteUniversity] [  restartedMain] c.b.E.EliteUniversityApplication         : No active profile set, falling back to 1 default profile: "default"
2026-08-17T03:39:15.997+06:00  INFO 3940 --- [EliteUniversity] [  restartedMain] .e.DevToolsPropertyDefaultsPostProcessor : Devtools property defaults active! Set 'spring.devtools.add-properties' to 'false' to disable
2026-08-17T03:39:15.997+06:00  INFO 3940 --- [EliteUniversity] [  restartedMain] .e.DevToolsPropertyDefaultsPostProcessor : For additional web related logging consider setting the 'logging.level.web' property to 'DEBUG'
2026-08-17T03:39:17.442+06:00  INFO 3940 --- [EliteUniversity] [  restartedMain] .s.d.r.c.RepositoryConfigurationDelegate : Bootstrapping Spring Data JPA repositories in DEFAULT mode.
2026-08-17T03:39:19.526+06:00  INFO 3940 --- [EliteUniversity] [  restartedMain] .s.d.r.c.RepositoryConfigurationDelegate : Finished Spring Data repository scanning in 2072 ms. Found 154 JPA repository interfaces.
2026-08-17T03:39:20.860+06:00  INFO 3940 --- [EliteUniversity] [  restartedMain] o.s.boot.tomcat.TomcatWebServer          : Tomcat initialized with port 8085 (http)
2026-08-17T03:39:20.881+06:00  INFO 3940 --- [EliteUniversity] [  restartedMain] o.apache.catalina.core.StandardService   : Starting service [Tomcat]
2026-08-17T03:39:20.882+06:00  INFO 3940 --- [EliteUniversity] [  restartedMain] o.apache.catalina.core.StandardEngine    : Starting Servlet engine: [Apache Tomcat/11.0.22]
2026-08-17T03:39:20.936+06:00  INFO 3940 --- [EliteUniversity] [  restartedMain] b.w.c.s.WebApplicationContextInitializer : Root WebApplicationContext: initialization completed in 4938 ms
2026-08-17T03:39:21.179+06:00  INFO 3940 --- [EliteUniversity] [  restartedMain] org.hibernate.orm.jpa                    : HHH008540: Processing PersistenceUnitInfo [name: default]
2026-08-17T03:39:21.259+06:00  INFO 3940 --- [EliteUniversity] [  restartedMain] org.hibernate.orm.core                   : HHH000001: Hibernate ORM core version 7.4.1.Final
2026-08-17T03:39:21.872+06:00  INFO 3940 --- [EliteUniversity] [  restartedMain] o.s.o.j.p.SpringPersistenceUnitInfo      : No LoadTimeWeaver setup: ignoring JPA class transformer
2026-08-17T03:39:21.907+06:00  INFO 3940 --- [EliteUniversity] [  restartedMain] com.zaxxer.hikari.HikariDataSource       : HikariPool-1 - Starting...
2026-08-17T03:39:22.307+06:00  INFO 3940 --- [EliteUniversity] [  restartedMain] com.zaxxer.hikari.pool.HikariPool        : HikariPool-1 - Added connection com.mysql.cj.jdbc.ConnectionImpl@1a59a7ac
2026-08-17T03:39:22.310+06:00  INFO 3940 --- [EliteUniversity] [  restartedMain] com.zaxxer.hikari.HikariDataSource       : HikariPool-1 - Start completed.
2026-08-17T03:39:22.366+06:00  WARN 3940 --- [EliteUniversity] [  restartedMain] org.hibernate.orm.deprecation            : HHH90000025: MySQLDialect does not need to be specified explicitly using 'hibernate.dialect' (remove the property setting and it will be selected by default)
2026-08-17T03:39:22.384+06:00  INFO 3940 --- [EliteUniversity] [  restartedMain] org.hibernate.orm.connections.pooling    : HHH10001005: Database info:
	Database JDBC URL [jdbc:mysql://localhost:3306/eliteuniversity?createDatabaseIfNotExist=true]
	Database driver: MySQL Connector/J
	Database dialect: MySQLDialect
	Database version: 8.0.44
	Default catalog/schema: eliteuniversity/undefined
	Autocommit mode: undefined/unknown
	Isolation level: REPEATABLE_READ [default REPEATABLE_READ]
	JDBC fetch size: none
	Pool: DataSourceConnectionProvider
	Minimum pool size: undefined/unknown
	Maximum pool size: undefined/unknown
2026-08-17T03:39:27.130+06:00  INFO 3940 --- [EliteUniversity] [  restartedMain] org.hibernate.orm.core                   : HHH000489: No JTA platform available (set 'hibernate.transaction.jta.platform' to enable JTA platform integration)
2026-08-17T03:39:27.523+06:00  INFO 3940 --- [EliteUniversity] [  restartedMain] j.LocalContainerEntityManagerFactoryBean : Initialized JPA EntityManagerFactory for persistence unit 'default'
2026-08-17T03:39:27.615+06:00  INFO 3940 --- [EliteUniversity] [  restartedMain] o.s.d.j.r.query.QueryEnhancerFactories   : Hibernate is in classpath; If applicable, HQL parser will be used.
2026-08-17T03:39:28.087+06:00  INFO 3940 --- [EliteUniversity] [  restartedMain] eAuthenticationProviderManagerConfigurer : Global AuthenticationManager configured with AuthenticationProvider bean with name authenticationProvider
2026-08-17T03:39:28.089+06:00  WARN 3940 --- [EliteUniversity] [  restartedMain] r$InitializeUserDetailsManagerConfigurer : Global AuthenticationManager configured with an AuthenticationProvider bean. UserDetailsService beans will not be used by Spring Security for automatically configuring username/password login. Consider removing the AuthenticationProvider bean. Alternatively, consider using the UserDetailsService in a manually instantiated DaoAuthenticationProvider. If the current configuration is intentional, to turn off this warning, increase the logging level of 'org.springframework.security.config.annotation.authentication.configuration.InitializeUserDetailsBeanManagerConfigurer' to ERROR
2026-08-17T03:39:33.486+06:00  WARN 3940 --- [EliteUniversity] [  restartedMain] JpaBaseConfiguration$JpaWebConfiguration : spring.jpa.open-in-view is enabled by default. Therefore, database queries may be performed during view rendering. Explicitly configure spring.jpa.open-in-view to disable this warning
2026-08-17T03:39:34.704+06:00  WARN 3940 --- [EliteUniversity] [  restartedMain] ConfigServletWebServerApplicationContext : Exception encountered during context initialization - cancelling refresh attempt: org.springframework.context.ApplicationContextException: Failed to start bean 'webServerStartStop'
2026-08-17T03:39:34.805+06:00  INFO 3940 --- [EliteUniversity] [  restartedMain] j.LocalContainerEntityManagerFactoryBean : Closing JPA EntityManagerFactory for persistence unit 'default'
2026-08-17T03:39:34.809+06:00  INFO 3940 --- [EliteUniversity] [  restartedMain] com.zaxxer.hikari.HikariDataSource       : HikariPool-1 - Shutdown initiated...
2026-08-17T03:39:34.828+06:00  INFO 3940 --- [EliteUniversity] [  restartedMain] com.zaxxer.hikari.HikariDataSource       : HikariPool-1 - Shutdown completed.
2026-08-17T03:39:34.846+06:00  INFO 3940 --- [EliteUniversity] [  restartedMain] .s.b.a.l.ConditionEvaluationReportLogger : 

Error starting ApplicationContext. To display the condition evaluation report re-run your application with 'debug' enabled.
2026-08-17T03:39:34.864+06:00 ERROR 3940 --- [EliteUniversity] [  restartedMain] o.s.b.d.LoggingFailureAnalysisReporter   : 

***************************
APPLICATION FAILED TO START
***************************

Description:

Web server failed to start. Port 8085 was already in use.

Action:

Identify and stop the process that's listening on port 8085 or configure this application to listen on another port.

[INFO] ------------------------------------------------------------------------
[INFO] BUILD SUCCESS
[INFO] ------------------------------------------------------------------------
[INFO] Total time:  24.257 s
[INFO] Finished at: 2026-08-17T03:39:34+06:00
[INFO] ------------------------------------------------------------------------
