[INFO] Scanning for projects...
[INFO] 
[INFO] -----------------< com.brilliantsofts:EliteUniversity >-----------------
[INFO] Building EliteUniversity 0.0.1-SNAPSHOT
[INFO]   from pom.xml
[INFO] --------------------------------[ jar ]---------------------------------
[INFO] 
[INFO] --- resources:3.5.0:resources (default-resources) @ EliteUniversity ---
[INFO] Copying 1 resource from src\main\resources to target\classes
[INFO] Copying 0 resource from src\main\resources to target\classes
[INFO] 
[INFO] --- compiler:3.15.0:compile (default-compile) @ EliteUniversity ---
[INFO] Recompiling the module because of changed source code.
[INFO] Compiling 1276 source files with javac [debug parameters release 21] to target\classes
[INFO] Annotation processing is enabled because one or more processors were found
  on the class path. A future release of javac may disable annotation processing
  unless at least one processor is specified by name (-processor), or a search
  path is specified (--processor-path, --processor-module-path), or annotation
  processing is enabled explicitly (-proc:only, -proc:full).
  Use -Xlint:-options to suppress this message.
  Use -proc:none to disable annotation processing.
[INFO] /F:/Spring-ng/EliteUniversity/src/main/java/com/brilliantsofts/EliteUniversity/security/JwtAuthenticationFilter.java: F:\Spring-ng\EliteUniversity\src\main\java\com\brilliantsofts\EliteUniversity\security\JwtAuthenticationFilter.java uses or overrides a deprecated API.
[INFO] /F:/Spring-ng/EliteUniversity/src/main/java/com/brilliantsofts/EliteUniversity/security/JwtAuthenticationFilter.java: Recompile with -Xlint:deprecation for details.
[INFO] ------------------------------------------------------------------------
[INFO] BUILD SUCCESS
[INFO] ------------------------------------------------------------------------
[INFO] Total time:  32.841 s
[INFO] Finished at: 2026-08-17T03:38:42+06:00
[INFO] ------------------------------------------------------------------------
