[INFO] Scanning for projects...
[INFO] 
[INFO] -----------------< com.brilliantsofts:EliteUniversity >-----------------
[INFO] Building EliteUniversity 0.0.1-SNAPSHOT
[INFO]   from pom.xml
[INFO] --------------------------------[ jar ]---------------------------------
[INFO] 
[INFO] --- resources:3.5.0:resources (default-resources) @ EliteUniversity ---
[INFO] Copying 1 resource from src\main\resources to target\classes
[INFO] Copying 0 resource from src\main\resources to target\classes
[INFO] 
[INFO] --- compiler:3.15.0:compile (default-compile) @ EliteUniversity ---
[INFO] Recompiling the module because of changed source code.
[INFO] Compiling 1276 source files with javac [debug parameters release 21] to target\classes
[INFO] Annotation processing is enabled because one or more processors were found
  on the class path. A future release of javac may disable annotation processing
  unless at least one processor is specified by name (-processor), or a search
  path is specified (--processor-path, --processor-module-path), or annotation
  processing is enabled explicitly (-proc:only, -proc:full).
  Use -Xlint:-options to suppress this message.
  Use -proc:none to disable annotation processing.
[INFO] /F:/Spring-ng/EliteUniversity/src/main/java/com/brilliantsofts/EliteUniversity/security/JwtAuthenticationFilter.java: F:\Spring-ng\EliteUniversity\src\main\java\com\brilliantsofts\EliteUniversity\security\JwtAuthenticationFilter.java uses or overrides a deprecated API.
[INFO] /F:/Spring-ng/EliteUniversity/src/main/java/com/brilliantsofts/EliteUniversity/security/JwtAuthenticationFilter.java: Recompile with -Xlint:deprecation for details.
[INFO] Some messages have been simplified; recompile with -Xdiags:verbose to get full output
[INFO] -------------------------------------------------------------
[ERROR] COMPILATION ERROR : 
[INFO] -------------------------------------------------------------
[ERROR] /F:/Spring-ng/EliteUniversity/src/main/java/com/brilliantsofts/EliteUniversity/serviceImpl/ResultSheetServiceImpl.java:[169,54] no suitable method found for findAll(org.springframework.data.jpa.domain.Specification<com.brilliantsofts.EliteUniversity.entity.Student>,org.springframework.data.domain.PageRequest)
    method org.springframework.data.repository.query.QueryByExampleExecutor.<S>findAll(org.springframework.data.domain.Example<S>,org.springframework.data.domain.Pageable) is not applicable
      (cannot infer type-variable(s) S
        (argument mismatch; org.springframework.data.jpa.domain.Specification<com.brilliantsofts.EliteUniversity.entity.Student> cannot be converted to org.springframework.data.domain.Example<S>))
    method org.springframework.data.jpa.repository.JpaRepository.<S>findAll(org.springframework.data.domain.Example<S>) is not applicable
      (cannot infer type-variable(s) S
        (actual and formal argument lists differ in length))
    method org.springframework.data.jpa.repository.JpaRepository.<S>findAll(org.springframework.data.domain.Example<S>,org.springframework.data.domain.Sort) is not applicable
      (cannot infer type-variable(s) S
        (argument mismatch; org.springframework.data.jpa.domain.Specification<com.brilliantsofts.EliteUniversity.entity.Student> cannot be converted to org.springframework.data.domain.Example<S>))
[INFO] 1 error
[INFO] -------------------------------------------------------------
[INFO] ------------------------------------------------------------------------
[INFO] BUILD FAILURE
[INFO] ------------------------------------------------------------------------
[INFO] Total time:  29.508 s
[INFO] Finished at: 2026-08-17T03:37:40+06:00
[INFO] ------------------------------------------------------------------------
[ERROR] Failed to execute goal org.apache.maven.plugins:maven-compiler-plugin:3.15.0:compile (default-compile) on project EliteUniversity: Compilation failure
[ERROR] /F:/Spring-ng/EliteUniversity/src/main/java/com/brilliantsofts/EliteUniversity/serviceImpl/ResultSheetServiceImpl.java:[169,54] no suitable method found for findAll(org.springframework.data.jpa.domain.Specification<com.brilliantsofts.EliteUniversity.entity.Student>,org.springframework.data.domain.PageRequest)
[ERROR]     method org.springframework.data.repository.query.QueryByExampleExecutor.<S>findAll(org.springframework.data.domain.Example<S>,org.springframework.data.domain.Pageable) is not applicable
[ERROR]       (cannot infer type-variable(s) S
[ERROR]         (argument mismatch; org.springframework.data.jpa.domain.Specification<com.brilliantsofts.EliteUniversity.entity.Student> cannot be converted to org.springframework.data.domain.Example<S>))
[ERROR]     method org.springframework.data.jpa.repository.JpaRepository.<S>findAll(org.springframework.data.domain.Example<S>) is not applicable
[ERROR]       (cannot infer type-variable(s) S
[ERROR]         (actual and formal argument lists differ in length))
[ERROR]     method org.springframework.data.jpa.repository.JpaRepository.<S>findAll(org.springframework.data.domain.Example<S>,org.springframework.data.domain.Sort) is not applicable
[ERROR]       (cannot infer type-variable(s) S
[ERROR]         (argument mismatch; org.springframework.data.jpa.domain.Specification<com.brilliantsofts.EliteUniversity.entity.Student> cannot be converted to org.springframework.data.domain.Example<S>))
[ERROR] 
[ERROR] -> [Help 1]
[ERROR] 
[ERROR] To see the full stack trace of the errors, re-run Maven with the -e switch.
[ERROR] Re-run Maven using the -X switch to enable full debug logging.
[ERROR] 
[ERROR] For more information about the errors and possible solutions, please read the following articles:
[ERROR] [Help 1] http://cwiki.apache.org/confluence/display/MAVEN/MojoFailureException
